// Jest Snapshot v1, https://goo.gl/fbAQLP

exports[`ui/Document renders correctly 1`] = `
<div>
  <h1>
    Document
  </h1>
</div>
`;
